// Jest Snapshot v1, https://goo.gl/fbAQLP

exports[`Flex.vue matches snapshot 1`] = `
<div
  class="ds-flex"
/>
`;
