// Jest Snapshot v1, https://goo.gl/fbAQLP

exports[`FieldLabel.vue matches snapshot 1`] = `
<label
  class="field-label"
>
   
  <!---->
</label>
`;
