// Jest Snapshot v1, https://goo.gl/fbAQLP

exports[`Heading.vue matches snapshot 1`] = `
<h1
  class="heading heading--text heading--undefined"
/>
`;
