// Jest Snapshot v1, https://goo.gl/fbAQLP

exports[`Icon.vue matches snapshot 1`] = `
<span
  aria-label="icon"
  class="ds-icon"
>
  <!---->
</span>
`;
