// Jest Snapshot v1, https://goo.gl/fbAQLP

exports[`Alert.vue matches snapshot 1`] = `
<div
  class="alert alert--warning"
/>
`;
