// Jest Snapshot v1, https://goo.gl/fbAQLP

exports[`App.vue matches snapshot 1`] = `
<div
  class="app"
>
   
  <div
    class="app app--inner"
  >
    <!---->
      
    <!---->
  </div>
</div>
`;
