// Jest Snapshot v1, https://goo.gl/fbAQLP

exports[`Modal.vue matches snapshot 1`] = `
<transition-stub
  duration="300"
  name="modal"
>
  <!---->
</transition-stub>
`;
