// Jest Snapshot v1, https://goo.gl/fbAQLP

exports[`List.vue matches snapshot 1`] = `
<ul
  class="ds-list"
/>
`;
