// Jest Snapshot v1, https://goo.gl/fbAQLP

exports[`Container.vue matches snapshot 1`] = `
<div
  class="ds-container ds-container-x-large"
/>
`;
