// Jest Snapshot v1, https://goo.gl/fbAQLP

exports[`Spinner.vue matches snapshot 1`] = `
<svg
  class="ds-spinner ds-size-base"
  viewBox="0 0 50 50"
>
  <circle
    class="ds-spinner-circle"
    cx="25"
    cy="25"
    fill="none"
    r="20"
    stroke-width="5"
  />
</svg>
`;
