// Jest Snapshot v1, https://goo.gl/fbAQLP

exports[`Loading.vue matches snapshot 1`] = `
<div
  class="loading loading--full"
>
  <svg
    class="loading__svg"
    height="50"
    stroke="#3c4858"
    viewBox="-3 -3 44 44"
    width="50"
    xmlns="http://www.w3.org/2000/svg"
  >
    <g
      fill="none"
      fill-rule="evenodd"
    >
      <g
        stroke-width="3"
        transform="translate(1 1)"
      >
        <circle
          cx="18"
          cy="18"
          r="18"
          stroke="#3c4858"
          stroke-opacity="0.5"
        />
         
        <path
          d="M36 18c0-9.94-8.06-18-18-18"
        >
          <animatetransform
            attributeName="transform"
            dur="1s"
            from="0 18 18"
            repeatCount="indefinite"
            to="360 18 18"
            type="rotate"
          />
        </path>
      </g>
    </g>
  </svg>
   
  <!---->
</div>
`;
