// Jest Snapshot v1, https://goo.gl/fbAQLP

exports[`Form.vue matches snapshot 1`] = `
<form
  autocomplete="off"
  class="ds-form"
  novalidate="novalidate"
/>
`;
