// Jest Snapshot v1, https://goo.gl/fbAQLP

exports[`FormItem.vue matches snapshot 1`] = `
<div
  class="ds-form-item"
>
  <ds-input-label-stub />
    
  <ds-input-error-stub />
</div>
`;
