// Jest Snapshot v1, https://goo.gl/fbAQLP

exports[`Text.vue matches snapshot 1`] = `
<p
  class="ds-text"
/>
`;
