// Jest Snapshot v1, https://goo.gl/fbAQLP

exports[`Table.vue matches snapshot 1`] = `
<div
  class="ds-table-wrap"
>
  <table
    cellpadding="0"
    cellspacing="0"
    class="ds-table"
  >
    <colgroup />
     
    <thead>
      <tr />
    </thead>
     
    <tbody />
  </table>
</div>
`;
